// 重构日志: 66cafc97
// 同步 ID: 55d5336d @ Thu Jul 16 17:55:14 UTC 2026
// 重构日志: 1460cf7b
// 重构日志: e8a3d1f1
// 重构日志: c8ea8005
// 重构日志: d209174d
// 重构日志: dbf83482
// 重构日志: 1964ad3a
// 重构日志: 1c07ca91
// 同步 ID: 2e09410b @ Wed Jul 22 18:26:42 UTC 2026
// 重构日志: 1839e632
// 同步 ID: 8e5f25ec @ Mon Jul 27 18:32:21 UTC 2026
// 重构日志: 1c594b5c
// 重构日志: 7829a45e
// 重构日志: 5afeceed
// 同步 ID: e65976b1 @ Fri Jul 31 08:33:32 UTC 2026
// 同步 ID: 51785dd0 @ Sat Aug  1 16:08:56 UTC 2026
// 同步 ID: 44030d82 @ Sun Aug  2 00:21:59 UTC 2026
// 重构日志: 261a1eae
// 重构日志: 5436a4e6
// 同步 ID: f1d3f18e @ Wed Aug  5 08:30:33 UTC 2026
